1.2.4.5
10.68.12.100
10.68.12.100
